Analysis & Synthesis report for MIPS
Wed Oct 28 09:05:36 2020
Quartus Prime Version 18.1.0 Build 625 09/12/2018 SJ Lite Edition


---------------------
; Table of Contents ;
---------------------
  1. Legal Notice
  2. Analysis & Synthesis Summary
  3. Analysis & Synthesis Settings
  4. Parallel Compilation
  5. Analysis & Synthesis Source Files Read
  6. Analysis & Synthesis Resource Usage Summary
  7. Analysis & Synthesis Resource Utilization by Entity
  8. General Register Statistics
  9. Parameter Settings for User Entity Instance: Top-level Entity: |topLevel
 10. Parameter Settings for User Entity Instance: memoriaROM:ROM
 11. Parameter Settings for User Entity Instance: registrador:ProgConter
 12. Parameter Settings for User Entity Instance: somadorConstante:SOMADOR_C
 13. Parameter Settings for User Entity Instance: unidadeControle:UC
 14. Parameter Settings for User Entity Instance: mux2x1:muxEndREG3
 15. Parameter Settings for User Entity Instance: bancoRegistradores:BR
 16. Parameter Settings for User Entity Instance: estendeSinal:EXT
 17. Parameter Settings for User Entity Instance: mux2x1:muxULA
 18. Parameter Settings for User Entity Instance: ULA:ULA
 19. Parameter Settings for User Entity Instance: memoriaRAM:RAM
 20. Parameter Settings for User Entity Instance: mux2x1:muxEscREG3
 21. Parameter Settings for User Entity Instance: shifter:SHIFTER
 22. Parameter Settings for User Entity Instance: somador:SOMADOR
 23. Parameter Settings for User Entity Instance: mux2x1:muxJUMP
 24. Port Connectivity Checks: "registrador:ProgConter"
 25. Post-Synthesis Netlist Statistics for Top Partition
 26. Elapsed Time Per Partition
 27. Analysis & Synthesis Messages



----------------
; Legal Notice ;
----------------
Copyright (C) 2018  Intel Corporation. All rights reserved.
Your use of Intel Corporation's design tools, logic functions 
and other software and tools, and its AMPP partner logic 
functions, and any output files from any of the foregoing 
(including device programming or simulation files), and any 
associated documentation or information are expressly subject 
to the terms and conditions of the Intel Program License 
Subscription Agreement, the Intel Quartus Prime License Agreement,
the Intel FPGA IP License Agreement, or other applicable license
agreement, including, without limitation, that your use is for
the sole purpose of programming logic devices manufactured by
Intel and sold by Intel or its authorized distributors.  Please
refer to the applicable agreement for further details.



+-------------------------------------------------------------------------------+
; Analysis & Synthesis Summary                                                  ;
+---------------------------------+---------------------------------------------+
; Analysis & Synthesis Status     ; Successful - Wed Oct 28 09:05:36 2020       ;
; Quartus Prime Version           ; 18.1.0 Build 625 09/12/2018 SJ Lite Edition ;
; Revision Name                   ; MIPS                                        ;
; Top-level Entity Name           ; topLevel                                    ;
; Family                          ; Cyclone V                                   ;
; Logic utilization (in ALMs)     ; N/A                                         ;
; Total registers                 ; 0                                           ;
; Total pins                      ; 1                                           ;
; Total virtual pins              ; 0                                           ;
; Total block memory bits         ; 0                                           ;
; Total DSP Blocks                ; 0                                           ;
; Total HSSI RX PCSs              ; 0                                           ;
; Total HSSI PMA RX Deserializers ; 0                                           ;
; Total HSSI TX PCSs              ; 0                                           ;
; Total HSSI PMA TX Serializers   ; 0                                           ;
; Total PLLs                      ; 0                                           ;
; Total DLLs                      ; 0                                           ;
+---------------------------------+---------------------------------------------+


+---------------------------------------------------------------------------------------------------------------------------+
; Analysis & Synthesis Settings                                                                                             ;
+---------------------------------------------------------------------------------+--------------------+--------------------+
; Option                                                                          ; Setting            ; Default Value      ;
+---------------------------------------------------------------------------------+--------------------+--------------------+
; Device                                                                          ; 5CEBA4F23C7        ;                    ;
; Top-level entity name                                                           ; topLevel           ; MIPS               ;
; Family name                                                                     ; Cyclone V          ; Cyclone V          ;
; VHDL Show LMF Mapping Messages                                                  ; Off                ;                    ;
; VHDL Version                                                                    ; VHDL_2008          ; VHDL_1993          ;
; Use smart compilation                                                           ; Off                ; Off                ;
; Enable parallel Assembler and Timing Analyzer during compilation                ; On                 ; On                 ;
; Enable compact report table                                                     ; Off                ; Off                ;
; Restructure Multiplexers                                                        ; Auto               ; Auto               ;
; MLAB Add Timing Constraints For Mixed-Port Feed-Through Mode Setting Don't Care ; Off                ; Off                ;
; Create Debugging Nodes for IP Cores                                             ; Off                ; Off                ;
; Preserve fewer node names                                                       ; On                 ; On                 ;
; Intel FPGA IP Evaluation Mode                                                   ; Enable             ; Enable             ;
; Verilog Version                                                                 ; Verilog_2001       ; Verilog_2001       ;
; State Machine Processing                                                        ; Auto               ; Auto               ;
; Safe State Machine                                                              ; Off                ; Off                ;
; Extract Verilog State Machines                                                  ; On                 ; On                 ;
; Extract VHDL State Machines                                                     ; On                 ; On                 ;
; Ignore Verilog initial constructs                                               ; Off                ; Off                ;
; Iteration limit for constant Verilog loops                                      ; 5000               ; 5000               ;
; Iteration limit for non-constant Verilog loops                                  ; 250                ; 250                ;
; Add Pass-Through Logic to Inferred RAMs                                         ; On                 ; On                 ;
; Infer RAMs from Raw Logic                                                       ; On                 ; On                 ;
; Parallel Synthesis                                                              ; On                 ; On                 ;
; DSP Block Balancing                                                             ; Auto               ; Auto               ;
; NOT Gate Push-Back                                                              ; On                 ; On                 ;
; Power-Up Don't Care                                                             ; On                 ; On                 ;
; Remove Redundant Logic Cells                                                    ; Off                ; Off                ;
; Remove Duplicate Registers                                                      ; On                 ; On                 ;
; Ignore CARRY Buffers                                                            ; Off                ; Off                ;
; Ignore CASCADE Buffers                                                          ; Off                ; Off                ;
; Ignore GLOBAL Buffers                                                           ; Off                ; Off                ;
; Ignore ROW GLOBAL Buffers                                                       ; Off                ; Off                ;
; Ignore LCELL Buffers                                                            ; Off                ; Off                ;
; Ignore SOFT Buffers                                                             ; On                 ; On                 ;
; Limit AHDL Integers to 32 Bits                                                  ; Off                ; Off                ;
; Optimization Technique                                                          ; Balanced           ; Balanced           ;
; Carry Chain Length                                                              ; 70                 ; 70                 ;
; Auto Carry Chains                                                               ; On                 ; On                 ;
; Auto Open-Drain Pins                                                            ; On                 ; On                 ;
; Perform WYSIWYG Primitive Resynthesis                                           ; Off                ; Off                ;
; Auto ROM Replacement                                                            ; On                 ; On                 ;
; Auto RAM Replacement                                                            ; On                 ; On                 ;
; Auto DSP Block Replacement                                                      ; On                 ; On                 ;
; Auto Shift Register Replacement                                                 ; Auto               ; Auto               ;
; Allow Shift Register Merging across Hierarchies                                 ; Auto               ; Auto               ;
; Auto Clock Enable Replacement                                                   ; On                 ; On                 ;
; Strict RAM Replacement                                                          ; Off                ; Off                ;
; Allow Synchronous Control Signals                                               ; On                 ; On                 ;
; Force Use of Synchronous Clear Signals                                          ; Off                ; Off                ;
; Auto Resource Sharing                                                           ; Off                ; Off                ;
; Allow Any RAM Size For Recognition                                              ; Off                ; Off                ;
; Allow Any ROM Size For Recognition                                              ; Off                ; Off                ;
; Allow Any Shift Register Size For Recognition                                   ; Off                ; Off                ;
; Use LogicLock Constraints during Resource Balancing                             ; On                 ; On                 ;
; Ignore translate_off and synthesis_off directives                               ; Off                ; Off                ;
; Timing-Driven Synthesis                                                         ; On                 ; On                 ;
; Report Parameter Settings                                                       ; On                 ; On                 ;
; Report Source Assignments                                                       ; On                 ; On                 ;
; Report Connectivity Checks                                                      ; On                 ; On                 ;
; Ignore Maximum Fan-Out Assignments                                              ; Off                ; Off                ;
; Synchronization Register Chain Length                                           ; 3                  ; 3                  ;
; Power Optimization During Synthesis                                             ; Normal compilation ; Normal compilation ;
; HDL message level                                                               ; Level2             ; Level2             ;
; Suppress Register Optimization Related Messages                                 ; Off                ; Off                ;
; Number of Removed Registers Reported in Synthesis Report                        ; 5000               ; 5000               ;
; Number of Swept Nodes Reported in Synthesis Report                              ; 5000               ; 5000               ;
; Number of Inverted Registers Reported in Synthesis Report                       ; 100                ; 100                ;
; Clock MUX Protection                                                            ; On                 ; On                 ;
; Auto Gated Clock Conversion                                                     ; Off                ; Off                ;
; Block Design Naming                                                             ; Auto               ; Auto               ;
; SDC constraint protection                                                       ; Off                ; Off                ;
; Synthesis Effort                                                                ; Auto               ; Auto               ;
; Shift Register Replacement - Allow Asynchronous Clear Signal                    ; On                 ; On                 ;
; Pre-Mapping Resynthesis Optimization                                            ; Off                ; Off                ;
; Analysis & Synthesis Message Level                                              ; Medium             ; Medium             ;
; Disable Register Merging Across Hierarchies                                     ; Auto               ; Auto               ;
; Resource Aware Inference For Block RAM                                          ; On                 ; On                 ;
; Automatic Parallel Synthesis                                                    ; On                 ; On                 ;
; Partial Reconfiguration Bitstream ID                                            ; Off                ; Off                ;
+---------------------------------------------------------------------------------+--------------------+--------------------+


+------------------------------------------+
; Parallel Compilation                     ;
+----------------------------+-------------+
; Processors                 ; Number      ;
+----------------------------+-------------+
; Number detected on machine ; 8           ;
; Maximum allowed            ; 4           ;
;                            ;             ;
; Average used               ; 1.00        ;
; Maximum used               ; 1           ;
;                            ;             ;
; Usage by Processor         ; % Time Used ;
;     Processor 1            ; 100.0%      ;
+----------------------------+-------------+


+-----------------------------------------------------------------------------------------------------------------------------------------------------+
; Analysis & Synthesis Source Files Read                                                                                                              ;
+----------------------------------+-----------------+-----------------+--------------------------------------------------------------------+---------+
; File Name with User-Entered Path ; Used in Netlist ; File Type       ; File Name with Absolute Path                                       ; Library ;
+----------------------------------+-----------------+-----------------+--------------------------------------------------------------------+---------+
; memoriaROM.vhd                   ; yes             ; User VHDL File  ; /home/emanuelle/Desktop/INSPER/DesComp/MIPS/memoriaROM.vhd         ;         ;
; unidadeControle.vhd              ; yes             ; User VHDL File  ; /home/emanuelle/Desktop/INSPER/DesComp/MIPS/unidadeControle.vhd    ;         ;
; bancoRegistradores.vhd           ; yes             ; User VHDL File  ; /home/emanuelle/Desktop/INSPER/DesComp/MIPS/bancoRegistradores.vhd ;         ;
; ULA.vhd                          ; yes             ; User VHDL File  ; /home/emanuelle/Desktop/INSPER/DesComp/MIPS/ULA.vhd                ;         ;
; somador.vhd                      ; yes             ; User VHDL File  ; /home/emanuelle/Desktop/INSPER/DesComp/MIPS/somador.vhd            ;         ;
; mux2x1.vhd                       ; yes             ; User VHDL File  ; /home/emanuelle/Desktop/INSPER/DesComp/MIPS/mux2x1.vhd             ;         ;
; topLevel.vhd                     ; yes             ; User VHDL File  ; /home/emanuelle/Desktop/INSPER/DesComp/MIPS/topLevel.vhd           ;         ;
; registrador.vhd                  ; yes             ; User VHDL File  ; /home/emanuelle/Desktop/INSPER/DesComp/MIPS/registrador.vhd        ;         ;
; memoriaRAM.vhd                   ; yes             ; User VHDL File  ; /home/emanuelle/Desktop/INSPER/DesComp/MIPS/memoriaRAM.vhd         ;         ;
; estendeSinal.vhd                 ; yes             ; User VHDL File  ; /home/emanuelle/Desktop/INSPER/DesComp/MIPS/estendeSinal.vhd       ;         ;
; shifter.vhd                      ; yes             ; User VHDL File  ; /home/emanuelle/Desktop/INSPER/DesComp/MIPS/shifter.vhd            ;         ;
; somadorConstante.vhd             ; yes             ; User VHDL File  ; /home/emanuelle/Desktop/INSPER/DesComp/MIPS/somadorConstante.vhd   ;         ;
+----------------------------------+-----------------+-----------------+--------------------------------------------------------------------+---------+


+--------------------------------------------------------+
; Analysis & Synthesis Resource Usage Summary            ;
+---------------------------------------------+----------+
; Resource                                    ; Usage    ;
+---------------------------------------------+----------+
; Estimate of Logic utilization (ALMs needed) ; 0        ;
;                                             ;          ;
; Combinational ALUT usage for logic          ; 0        ;
;     -- 7 input functions                    ; 0        ;
;     -- 6 input functions                    ; 0        ;
;     -- 5 input functions                    ; 0        ;
;     -- 4 input functions                    ; 0        ;
;     -- <=3 input functions                  ; 0        ;
;                                             ;          ;
; Dedicated logic registers                   ; 0        ;
;                                             ;          ;
; I/O pins                                    ; 1        ;
;                                             ;          ;
; Total DSP Blocks                            ; 0        ;
;                                             ;          ;
; Maximum fan-out node                        ; CLOCK_50 ;
; Maximum fan-out                             ; 1        ;
; Total fan-out                               ; 1        ;
; Average fan-out                             ; 0.50     ;
+---------------------------------------------+----------+


+----------------------------------------------------------------------------------------------------------------------------------------------------------------------------------------+
; Analysis & Synthesis Resource Utilization by Entity                                                                                                                                    ;
+----------------------------+---------------------+---------------------------+-------------------+------------+------+--------------+---------------------+-------------+--------------+
; Compilation Hierarchy Node ; Combinational ALUTs ; Dedicated Logic Registers ; Block Memory Bits ; DSP Blocks ; Pins ; Virtual Pins ; Full Hierarchy Name ; Entity Name ; Library Name ;
+----------------------------+---------------------+---------------------------+-------------------+------------+------+--------------+---------------------+-------------+--------------+
; |topLevel                  ; 0 (0)               ; 0 (0)                     ; 0                 ; 0          ; 1    ; 0            ; |topLevel           ; topLevel    ; work         ;
+----------------------------+---------------------+---------------------------+-------------------+------------+------+--------------+---------------------+-------------+--------------+
Note: For table entries with two numbers listed, the numbers in parentheses indicate the number of resources of the given type used by the specific entity alone. The numbers listed outside of parentheses indicate the total resources of the given type used by the specific entity and all of its sub-entities in the hierarchy.


+------------------------------------------------------+
; General Register Statistics                          ;
+----------------------------------------------+-------+
; Statistic                                    ; Value ;
+----------------------------------------------+-------+
; Total registers                              ; 0     ;
; Number of registers using Synchronous Clear  ; 0     ;
; Number of registers using Synchronous Load   ; 0     ;
; Number of registers using Asynchronous Clear ; 0     ;
; Number of registers using Asynchronous Load  ; 0     ;
; Number of registers using Clock Enable       ; 0     ;
; Number of registers using Preset             ; 0     ;
+----------------------------------------------+-------+


+--------------------------------------------------------------------------+
; Parameter Settings for User Entity Instance: Top-level Entity: |topLevel ;
+----------------+-------+-------------------------------------------------+
; Parameter Name ; Value ; Type                                            ;
+----------------+-------+-------------------------------------------------+
; DATA_WIDTH     ; 32    ; Signed Integer                                  ;
; ROM_DATA_WIDTH ; 32    ; Signed Integer                                  ;
; ADDR_WIDTH     ; 32    ; Signed Integer                                  ;
+----------------+-------+-------------------------------------------------+
Note: In order to hide this table in the UI and the text report file, please set the "Show Parameter Settings in Synthesis Report" option in "Analysis and Synthesis Settings -> More Settings" to "Off".


+-------------------------------------------------------------+
; Parameter Settings for User Entity Instance: memoriaROM:ROM ;
+-----------------+-------+-----------------------------------+
; Parameter Name  ; Value ; Type                              ;
+-----------------+-------+-----------------------------------+
; datawidth       ; 32    ; Signed Integer                    ;
; addrwidth       ; 32    ; Signed Integer                    ;
; memoryaddrwidth ; 6     ; Signed Integer                    ;
+-----------------+-------+-----------------------------------+
Note: In order to hide this table in the UI and the text report file, please set the "Show Parameter Settings in Synthesis Report" option in "Analysis and Synthesis Settings -> More Settings" to "Off".


+---------------------------------------------------------------------+
; Parameter Settings for User Entity Instance: registrador:ProgConter ;
+----------------+-------+--------------------------------------------+
; Parameter Name ; Value ; Type                                       ;
+----------------+-------+--------------------------------------------+
; larguradados   ; 32    ; Signed Integer                             ;
+----------------+-------+--------------------------------------------+
Note: In order to hide this table in the UI and the text report file, please set the "Show Parameter Settings in Synthesis Report" option in "Analysis and Synthesis Settings -> More Settings" to "Off".


+-------------------------------------------------------------------------+
; Parameter Settings for User Entity Instance: somadorConstante:SOMADOR_C ;
+----------------+-------+------------------------------------------------+
; Parameter Name ; Value ; Type                                           ;
+----------------+-------+------------------------------------------------+
; larguradados   ; 32    ; Signed Integer                                 ;
; constante      ; 4     ; Signed Integer                                 ;
+----------------+-------+------------------------------------------------+
Note: In order to hide this table in the UI and the text report file, please set the "Show Parameter Settings in Synthesis Report" option in "Analysis and Synthesis Settings -> More Settings" to "Off".


+-----------------------------------------------------------------+
; Parameter Settings for User Entity Instance: unidadeControle:UC ;
+----------------+-------+----------------------------------------+
; Parameter Name ; Value ; Type                                   ;
+----------------+-------+----------------------------------------+
; data_width     ; 32    ; Signed Integer                         ;
; addr_width     ; 32    ; Signed Integer                         ;
+----------------+-------+----------------------------------------+
Note: In order to hide this table in the UI and the text report file, please set the "Show Parameter Settings in Synthesis Report" option in "Analysis and Synthesis Settings -> More Settings" to "Off".


+----------------------------------------------------------------+
; Parameter Settings for User Entity Instance: mux2x1:muxEndREG3 ;
+----------------+-------+---------------------------------------+
; Parameter Name ; Value ; Type                                  ;
+----------------+-------+---------------------------------------+
; larguradados   ; 5     ; Signed Integer                        ;
+----------------+-------+---------------------------------------+
Note: In order to hide this table in the UI and the text report file, please set the "Show Parameter Settings in Synthesis Report" option in "Analysis and Synthesis Settings -> More Settings" to "Off".


+--------------------------------------------------------------------+
; Parameter Settings for User Entity Instance: bancoRegistradores:BR ;
+---------------------+-------+--------------------------------------+
; Parameter Name      ; Value ; Type                                 ;
+---------------------+-------+--------------------------------------+
; larguradados        ; 32    ; Signed Integer                       ;
; larguraendbancoregs ; 5     ; Signed Integer                       ;
+---------------------+-------+--------------------------------------+
Note: In order to hide this table in the UI and the text report file, please set the "Show Parameter Settings in Synthesis Report" option in "Analysis and Synthesis Settings -> More Settings" to "Off".


+---------------------------------------------------------------+
; Parameter Settings for User Entity Instance: estendeSinal:EXT ;
+--------------------+-------+----------------------------------+
; Parameter Name     ; Value ; Type                             ;
+--------------------+-------+----------------------------------+
; larguradadoentrada ; 16    ; Signed Integer                   ;
; larguradadosaida   ; 32    ; Signed Integer                   ;
+--------------------+-------+----------------------------------+
Note: In order to hide this table in the UI and the text report file, please set the "Show Parameter Settings in Synthesis Report" option in "Analysis and Synthesis Settings -> More Settings" to "Off".


+------------------------------------------------------------+
; Parameter Settings for User Entity Instance: mux2x1:muxULA ;
+----------------+-------+-----------------------------------+
; Parameter Name ; Value ; Type                              ;
+----------------+-------+-----------------------------------+
; larguradados   ; 32    ; Signed Integer                    ;
+----------------+-------+-----------------------------------+
Note: In order to hide this table in the UI and the text report file, please set the "Show Parameter Settings in Synthesis Report" option in "Analysis and Synthesis Settings -> More Settings" to "Off".


+------------------------------------------------------+
; Parameter Settings for User Entity Instance: ULA:ULA ;
+----------------+-------+-----------------------------+
; Parameter Name ; Value ; Type                        ;
+----------------+-------+-----------------------------+
; larguradados   ; 32    ; Signed Integer              ;
+----------------+-------+-----------------------------+
Note: In order to hide this table in the UI and the text report file, please set the "Show Parameter Settings in Synthesis Report" option in "Analysis and Synthesis Settings -> More Settings" to "Off".


+-------------------------------------------------------------+
; Parameter Settings for User Entity Instance: memoriaRAM:RAM ;
+-----------------+-------+-----------------------------------+
; Parameter Name  ; Value ; Type                              ;
+-----------------+-------+-----------------------------------+
; datawidth       ; 32    ; Signed Integer                    ;
; addrwidth       ; 32    ; Signed Integer                    ;
; memoryaddrwidth ; 6     ; Signed Integer                    ;
+-----------------+-------+-----------------------------------+
Note: In order to hide this table in the UI and the text report file, please set the "Show Parameter Settings in Synthesis Report" option in "Analysis and Synthesis Settings -> More Settings" to "Off".


+----------------------------------------------------------------+
; Parameter Settings for User Entity Instance: mux2x1:muxEscREG3 ;
+----------------+-------+---------------------------------------+
; Parameter Name ; Value ; Type                                  ;
+----------------+-------+---------------------------------------+
; larguradados   ; 32    ; Signed Integer                        ;
+----------------+-------+---------------------------------------+
Note: In order to hide this table in the UI and the text report file, please set the "Show Parameter Settings in Synthesis Report" option in "Analysis and Synthesis Settings -> More Settings" to "Off".


+--------------------------------------------------------------+
; Parameter Settings for User Entity Instance: shifter:SHIFTER ;
+----------------+-------+-------------------------------------+
; Parameter Name ; Value ; Type                                ;
+----------------+-------+-------------------------------------+
; larguradados   ; 32    ; Signed Integer                      ;
+----------------+-------+-------------------------------------+
Note: In order to hide this table in the UI and the text report file, please set the "Show Parameter Settings in Synthesis Report" option in "Analysis and Synthesis Settings -> More Settings" to "Off".


+--------------------------------------------------------------+
; Parameter Settings for User Entity Instance: somador:SOMADOR ;
+----------------+-------+-------------------------------------+
; Parameter Name ; Value ; Type                                ;
+----------------+-------+-------------------------------------+
; larguradados   ; 32    ; Signed Integer                      ;
+----------------+-------+-------------------------------------+
Note: In order to hide this table in the UI and the text report file, please set the "Show Parameter Settings in Synthesis Report" option in "Analysis and Synthesis Settings -> More Settings" to "Off".


+-------------------------------------------------------------+
; Parameter Settings for User Entity Instance: mux2x1:muxJUMP ;
+----------------+-------+------------------------------------+
; Parameter Name ; Value ; Type                               ;
+----------------+-------+------------------------------------+
; larguradados   ; 32    ; Signed Integer                     ;
+----------------+-------+------------------------------------+
Note: In order to hide this table in the UI and the text report file, please set the "Show Parameter Settings in Synthesis Report" option in "Analysis and Synthesis Settings -> More Settings" to "Off".


+----------------------------------------------------+
; Port Connectivity Checks: "registrador:ProgConter" ;
+--------+-------+----------+------------------------+
; Port   ; Type  ; Severity ; Details                ;
+--------+-------+----------+------------------------+
; enable ; Input ; Info     ; Stuck at VCC           ;
; rst    ; Input ; Info     ; Stuck at GND           ;
+--------+-------+----------+------------------------+


+-----------------------------------------------------+
; Post-Synthesis Netlist Statistics for Top Partition ;
+-------------------+---------------------------------+
; Type              ; Count                           ;
+-------------------+---------------------------------+
; boundary_port     ; 1                               ;
;                   ;                                 ;
; Max LUT depth     ; 0.00                            ;
; Average LUT depth ; 0.00                            ;
+-------------------+---------------------------------+


+-------------------------------+
; Elapsed Time Per Partition    ;
+----------------+--------------+
; Partition Name ; Elapsed Time ;
+----------------+--------------+
; Top            ; 00:00:00     ;
+----------------+--------------+


+-------------------------------+
; Analysis & Synthesis Messages ;
+-------------------------------+
Info: *******************************************************************
Info: Running Quartus Prime Analysis & Synthesis
    Info: Version 18.1.0 Build 625 09/12/2018 SJ Lite Edition
    Info: Processing started: Wed Oct 28 09:05:20 2020
Info: Command: quartus_map --read_settings_files=on --write_settings_files=off MIPS -c MIPS
Warning (18236): Number of processors has not been specified which may cause overloading on shared machines.  Set the global assignment NUM_PARALLEL_PROCESSORS in your QSF to an appropriate value for best performance.
Info (20030): Parallel compilation is enabled and will use 4 of the 4 processors detected
Info (12021): Found 2 design units, including 1 entities, in source file memoriaROM.vhd
    Info (12022): Found design unit 1: memoriaROM-assincrona File: /home/emanuelle/Desktop/INSPER/DesComp/MIPS/memoriaROM.vhd Line: 16
    Info (12023): Found entity 1: memoriaROM File: /home/emanuelle/Desktop/INSPER/DesComp/MIPS/memoriaROM.vhd Line: 6
Info (12021): Found 2 design units, including 1 entities, in source file unidadeControle.vhd
    Info (12022): Found design unit 1: unidadeControle-arch_name File: /home/emanuelle/Desktop/INSPER/DesComp/MIPS/unidadeControle.vhd Line: 21
    Info (12023): Found entity 1: unidadeControle File: /home/emanuelle/Desktop/INSPER/DesComp/MIPS/unidadeControle.vhd Line: 5
Info (12021): Found 2 design units, including 1 entities, in source file bancoRegistradores.vhd
    Info (12022): Found design unit 1: bancoRegistradores-comportamento File: /home/emanuelle/Desktop/INSPER/DesComp/MIPS/bancoRegistradores.vhd Line: 30
    Info (12023): Found entity 1: bancoRegistradores File: /home/emanuelle/Desktop/INSPER/DesComp/MIPS/bancoRegistradores.vhd Line: 7
Info (12021): Found 2 design units, including 1 entities, in source file ULA.vhd
    Info (12022): Found design unit 1: ULA-comportamento File: /home/emanuelle/Desktop/INSPER/DesComp/MIPS/ULA.vhd Line: 19
    Info (12023): Found entity 1: ULA File: /home/emanuelle/Desktop/INSPER/DesComp/MIPS/ULA.vhd Line: 5
Info (12021): Found 2 design units, including 1 entities, in source file somador.vhd
    Info (12022): Found design unit 1: somador-comportamento File: /home/emanuelle/Desktop/INSPER/DesComp/MIPS/somador.vhd Line: 18
    Info (12023): Found entity 1: somador File: /home/emanuelle/Desktop/INSPER/DesComp/MIPS/somador.vhd Line: 6
Info (12021): Found 2 design units, including 1 entities, in source file mux2x1.vhd
    Info (12022): Found design unit 1: mux2x1-comportamento File: /home/emanuelle/Desktop/INSPER/DesComp/MIPS/mux2x1.vhd Line: 14
    Info (12023): Found entity 1: mux2x1 File: /home/emanuelle/Desktop/INSPER/DesComp/MIPS/mux2x1.vhd Line: 4
Info (12021): Found 2 design units, including 1 entities, in source file topLevel.vhd
    Info (12022): Found design unit 1: topLevel-uwu File: /home/emanuelle/Desktop/INSPER/DesComp/MIPS/topLevel.vhd Line: 16
    Info (12023): Found entity 1: topLevel File: /home/emanuelle/Desktop/INSPER/DesComp/MIPS/topLevel.vhd Line: 5
Info (12021): Found 2 design units, including 1 entities, in source file registrador.vhd
    Info (12022): Found design unit 1: registrador-comportamento File: /home/emanuelle/Desktop/INSPER/DesComp/MIPS/registrador.vhd Line: 15
    Info (12023): Found entity 1: registrador File: /home/emanuelle/Desktop/INSPER/DesComp/MIPS/registrador.vhd Line: 4
Info (12021): Found 2 design units, including 1 entities, in source file memoriaRAM.vhd
    Info (12022): Found design unit 1: memoriaRAM-assincrona File: /home/emanuelle/Desktop/INSPER/DesComp/MIPS/memoriaRAM.vhd Line: 18
    Info (12023): Found entity 1: memoriaRAM File: /home/emanuelle/Desktop/INSPER/DesComp/MIPS/memoriaRAM.vhd Line: 5
Info (12021): Found 2 design units, including 1 entities, in source file estendeSinal.vhd
    Info (12022): Found design unit 1: estendeSinal-comportamento File: /home/emanuelle/Desktop/INSPER/DesComp/MIPS/estendeSinal.vhd Line: 19
    Info (12023): Found entity 1: estendeSinal File: /home/emanuelle/Desktop/INSPER/DesComp/MIPS/estendeSinal.vhd Line: 4
Info (12021): Found 2 design units, including 1 entities, in source file shifter.vhd
    Info (12022): Found design unit 1: shifter-comportamento File: /home/emanuelle/Desktop/INSPER/DesComp/MIPS/shifter.vhd Line: 15
    Info (12023): Found entity 1: shifter File: /home/emanuelle/Desktop/INSPER/DesComp/MIPS/shifter.vhd Line: 5
Info (12021): Found 2 design units, including 1 entities, in source file somadorConstante.vhd
    Info (12022): Found design unit 1: somadorConstante-comportamento File: /home/emanuelle/Desktop/INSPER/DesComp/MIPS/somadorConstante.vhd Line: 16
    Info (12023): Found entity 1: somadorConstante File: /home/emanuelle/Desktop/INSPER/DesComp/MIPS/somadorConstante.vhd Line: 5
Info (12127): Elaborating entity "topLevel" for the top level hierarchy
Warning (10541): VHDL Signal Declaration warning at topLevel.vhd(23): used implicit default value for signal "RS" because signal was never assigned a value or an explicit default value. Use of implicit default value may introduce unintended design optimizations. File: /home/emanuelle/Desktop/INSPER/DesComp/MIPS/topLevel.vhd Line: 23
Info (12128): Elaborating entity "memoriaROM" for hierarchy "memoriaROM:ROM" File: /home/emanuelle/Desktop/INSPER/DesComp/MIPS/topLevel.vhd Line: 38
Warning (10541): VHDL Signal Declaration warning at memoriaROM.vhd(19): used implicit default value for signal "memROM" because signal was never assigned a value or an explicit default value. Use of implicit default value may introduce unintended design optimizations. File: /home/emanuelle/Desktop/INSPER/DesComp/MIPS/memoriaROM.vhd Line: 19
Info (12128): Elaborating entity "registrador" for hierarchy "registrador:ProgConter" File: /home/emanuelle/Desktop/INSPER/DesComp/MIPS/topLevel.vhd Line: 41
Info (12128): Elaborating entity "somadorConstante" for hierarchy "somadorConstante:SOMADOR_C" File: /home/emanuelle/Desktop/INSPER/DesComp/MIPS/topLevel.vhd Line: 44
Info (12128): Elaborating entity "unidadeControle" for hierarchy "unidadeControle:UC" File: /home/emanuelle/Desktop/INSPER/DesComp/MIPS/topLevel.vhd Line: 47
Info (12128): Elaborating entity "mux2x1" for hierarchy "mux2x1:muxEndREG3" File: /home/emanuelle/Desktop/INSPER/DesComp/MIPS/topLevel.vhd Line: 50
Info (12128): Elaborating entity "bancoRegistradores" for hierarchy "bancoRegistradores:BR" File: /home/emanuelle/Desktop/INSPER/DesComp/MIPS/topLevel.vhd Line: 53
Info (12128): Elaborating entity "estendeSinal" for hierarchy "estendeSinal:EXT" File: /home/emanuelle/Desktop/INSPER/DesComp/MIPS/topLevel.vhd Line: 56
Warning (10540): VHDL Signal Declaration warning at estendeSinal.vhd(22): used explicit default value for signal "right" because signal was never assigned a value File: /home/emanuelle/Desktop/INSPER/DesComp/MIPS/estendeSinal.vhd Line: 22
Warning (10492): VHDL Process Statement warning at estendeSinal.vhd(33): signal "left" is read inside the Process Statement but isn't in the Process Statement's sensitivity list File: /home/emanuelle/Desktop/INSPER/DesComp/MIPS/estendeSinal.vhd Line: 33
Warning (10492): VHDL Process Statement warning at estendeSinal.vhd(33): signal "right" is read inside the Process Statement but isn't in the Process Statement's sensitivity list File: /home/emanuelle/Desktop/INSPER/DesComp/MIPS/estendeSinal.vhd Line: 33
Info (12128): Elaborating entity "mux2x1" for hierarchy "mux2x1:muxULA" File: /home/emanuelle/Desktop/INSPER/DesComp/MIPS/topLevel.vhd Line: 59
Info (12128): Elaborating entity "ULA" for hierarchy "ULA:ULA" File: /home/emanuelle/Desktop/INSPER/DesComp/MIPS/topLevel.vhd Line: 62
Info (10041): Inferred latch for "saida[0]" at ULA.vhd(33) File: /home/emanuelle/Desktop/INSPER/DesComp/MIPS/ULA.vhd Line: 33
Info (10041): Inferred latch for "saida[1]" at ULA.vhd(33) File: /home/emanuelle/Desktop/INSPER/DesComp/MIPS/ULA.vhd Line: 33
Info (10041): Inferred latch for "saida[2]" at ULA.vhd(33) File: /home/emanuelle/Desktop/INSPER/DesComp/MIPS/ULA.vhd Line: 33
Info (10041): Inferred latch for "saida[3]" at ULA.vhd(33) File: /home/emanuelle/Desktop/INSPER/DesComp/MIPS/ULA.vhd Line: 33
Info (10041): Inferred latch for "saida[4]" at ULA.vhd(33) File: /home/emanuelle/Desktop/INSPER/DesComp/MIPS/ULA.vhd Line: 33
Info (10041): Inferred latch for "saida[5]" at ULA.vhd(33) File: /home/emanuelle/Desktop/INSPER/DesComp/MIPS/ULA.vhd Line: 33
Info (10041): Inferred latch for "saida[6]" at ULA.vhd(33) File: /home/emanuelle/Desktop/INSPER/DesComp/MIPS/ULA.vhd Line: 33
Info (10041): Inferred latch for "saida[7]" at ULA.vhd(33) File: /home/emanuelle/Desktop/INSPER/DesComp/MIPS/ULA.vhd Line: 33
Info (10041): Inferred latch for "saida[8]" at ULA.vhd(33) File: /home/emanuelle/Desktop/INSPER/DesComp/MIPS/ULA.vhd Line: 33
Info (10041): Inferred latch for "saida[9]" at ULA.vhd(33) File: /home/emanuelle/Desktop/INSPER/DesComp/MIPS/ULA.vhd Line: 33
Info (10041): Inferred latch for "saida[10]" at ULA.vhd(33) File: /home/emanuelle/Desktop/INSPER/DesComp/MIPS/ULA.vhd Line: 33
Info (10041): Inferred latch for "saida[11]" at ULA.vhd(33) File: /home/emanuelle/Desktop/INSPER/DesComp/MIPS/ULA.vhd Line: 33
Info (10041): Inferred latch for "saida[12]" at ULA.vhd(33) File: /home/emanuelle/Desktop/INSPER/DesComp/MIPS/ULA.vhd Line: 33
Info (10041): Inferred latch for "saida[13]" at ULA.vhd(33) File: /home/emanuelle/Desktop/INSPER/DesComp/MIPS/ULA.vhd Line: 33
Info (10041): Inferred latch for "saida[14]" at ULA.vhd(33) File: /home/emanuelle/Desktop/INSPER/DesComp/MIPS/ULA.vhd Line: 33
Info (10041): Inferred latch for "saida[15]" at ULA.vhd(33) File: /home/emanuelle/Desktop/INSPER/DesComp/MIPS/ULA.vhd Line: 33
Info (10041): Inferred latch for "saida[16]" at ULA.vhd(33) File: /home/emanuelle/Desktop/INSPER/DesComp/MIPS/ULA.vhd Line: 33
Info (10041): Inferred latch for "saida[17]" at ULA.vhd(33) File: /home/emanuelle/Desktop/INSPER/DesComp/MIPS/ULA.vhd Line: 33
Info (10041): Inferred latch for "saida[18]" at ULA.vhd(33) File: /home/emanuelle/Desktop/INSPER/DesComp/MIPS/ULA.vhd Line: 33
Info (10041): Inferred latch for "saida[19]" at ULA.vhd(33) File: /home/emanuelle/Desktop/INSPER/DesComp/MIPS/ULA.vhd Line: 33
Info (10041): Inferred latch for "saida[20]" at ULA.vhd(33) File: /home/emanuelle/Desktop/INSPER/DesComp/MIPS/ULA.vhd Line: 33
Info (10041): Inferred latch for "saida[21]" at ULA.vhd(33) File: /home/emanuelle/Desktop/INSPER/DesComp/MIPS/ULA.vhd Line: 33
Info (10041): Inferred latch for "saida[22]" at ULA.vhd(33) File: /home/emanuelle/Desktop/INSPER/DesComp/MIPS/ULA.vhd Line: 33
Info (10041): Inferred latch for "saida[23]" at ULA.vhd(33) File: /home/emanuelle/Desktop/INSPER/DesComp/MIPS/ULA.vhd Line: 33
Info (10041): Inferred latch for "saida[24]" at ULA.vhd(33) File: /home/emanuelle/Desktop/INSPER/DesComp/MIPS/ULA.vhd Line: 33
Info (10041): Inferred latch for "saida[25]" at ULA.vhd(33) File: /home/emanuelle/Desktop/INSPER/DesComp/MIPS/ULA.vhd Line: 33
Info (10041): Inferred latch for "saida[26]" at ULA.vhd(33) File: /home/emanuelle/Desktop/INSPER/DesComp/MIPS/ULA.vhd Line: 33
Info (10041): Inferred latch for "saida[27]" at ULA.vhd(33) File: /home/emanuelle/Desktop/INSPER/DesComp/MIPS/ULA.vhd Line: 33
Info (10041): Inferred latch for "saida[28]" at ULA.vhd(33) File: /home/emanuelle/Desktop/INSPER/DesComp/MIPS/ULA.vhd Line: 33
Info (10041): Inferred latch for "saida[29]" at ULA.vhd(33) File: /home/emanuelle/Desktop/INSPER/DesComp/MIPS/ULA.vhd Line: 33
Info (10041): Inferred latch for "saida[30]" at ULA.vhd(33) File: /home/emanuelle/Desktop/INSPER/DesComp/MIPS/ULA.vhd Line: 33
Info (10041): Inferred latch for "saida[31]" at ULA.vhd(33) File: /home/emanuelle/Desktop/INSPER/DesComp/MIPS/ULA.vhd Line: 33
Info (12128): Elaborating entity "memoriaRAM" for hierarchy "memoriaRAM:RAM" File: /home/emanuelle/Desktop/INSPER/DesComp/MIPS/topLevel.vhd Line: 65
Info (12128): Elaborating entity "shifter" for hierarchy "shifter:SHIFTER" File: /home/emanuelle/Desktop/INSPER/DesComp/MIPS/topLevel.vhd Line: 71
Info (12128): Elaborating entity "somador" for hierarchy "somador:SOMADOR" File: /home/emanuelle/Desktop/INSPER/DesComp/MIPS/topLevel.vhd Line: 74
Info (16010): Generating hard_block partition "hard_block:auto_generated_inst"
    Info (16011): Adding 0 node(s), including 0 DDIO, 0 PLL, 0 transceiver and 0 LCELL
Warning (21074): Design contains 1 input pin(s) that do not drive logic
    Warning (15610): No output dependent on input pin "CLOCK_50" File: /home/emanuelle/Desktop/INSPER/DesComp/MIPS/topLevel.vhd Line: 13
Info (21057): Implemented 1 device resources after synthesis - the final resource count might be different
    Info (21058): Implemented 1 input pins
    Info (21059): Implemented 0 output pins
Info: Quartus Prime Analysis & Synthesis was successful. 0 errors, 8 warnings
    Info: Peak virtual memory: 995 megabytes
    Info: Processing ended: Wed Oct 28 09:05:36 2020
    Info: Elapsed time: 00:00:16
    Info: Total CPU time (on all processors): 00:00:43


