------------------------------------------------------------
Timing Analyzer Summary
------------------------------------------------------------

Type  : Slow 1100mV 85C Model Setup 'FPGA_RESET_N'
Slack : -13.666
TNS   : -35640.483

Type  : Slow 1100mV 85C Model Hold 'FPGA_RESET_N'
Slack : 1.304
TNS   : 0.000

Type  : Slow 1100mV 85C Model Minimum Pulse Width 'FPGA_RESET_N'
Slack : -0.538
TNS   : -3271.369

Type  : Slow 1100mV 0C Model Setup 'FPGA_RESET_N'
Slack : -13.495
TNS   : -34897.451

Type  : Slow 1100mV 0C Model Hold 'FPGA_RESET_N'
Slack : 1.277
TNS   : 0.000

Type  : Slow 1100mV 0C Model Minimum Pulse Width 'FPGA_RESET_N'
Slack : -0.538
TNS   : -2842.507

Type  : Fast 1100mV 85C Model Setup 'FPGA_RESET_N'
Slack : -6.998
TNS   : -17619.457

Type  : Fast 1100mV 85C Model Hold 'FPGA_RESET_N'
Slack : 0.608
TNS   : 0.000

Type  : Fast 1100mV 85C Model Minimum Pulse Width 'FPGA_RESET_N'
Slack : -0.419
TNS   : -1534.168

Type  : Fast 1100mV 0C Model Setup 'FPGA_RESET_N'
Slack : -6.140
TNS   : -15403.610

Type  : Fast 1100mV 0C Model Hold 'FPGA_RESET_N'
Slack : 0.564
TNS   : 0.000

Type  : Fast 1100mV 0C Model Minimum Pulse Width 'FPGA_RESET_N'
Slack : -0.359
TNS   : -1192.238

------------------------------------------------------------
