------------------------------------------------------------
Timing Analyzer Summary
------------------------------------------------------------

Type  : Slow 1100mV 85C Model Setup 'CLOCK_50'
Slack : -12.312
TNS   : -26065.731

Type  : Slow 1100mV 85C Model Hold 'CLOCK_50'
Slack : 0.650
TNS   : 0.000

Type  : Slow 1100mV 85C Model Minimum Pulse Width 'CLOCK_50'
Slack : -0.538
TNS   : -2026.022

Type  : Slow 1100mV 0C Model Setup 'CLOCK_50'
Slack : -12.256
TNS   : -25625.245

Type  : Slow 1100mV 0C Model Hold 'CLOCK_50'
Slack : 0.640
TNS   : 0.000

Type  : Slow 1100mV 0C Model Minimum Pulse Width 'CLOCK_50'
Slack : -0.538
TNS   : -2050.092

Type  : Fast 1100mV 85C Model Setup 'CLOCK_50'
Slack : -6.106
TNS   : -12214.774

Type  : Fast 1100mV 85C Model Hold 'CLOCK_50'
Slack : 0.317
TNS   : 0.000

Type  : Fast 1100mV 85C Model Minimum Pulse Width 'CLOCK_50'
Slack : -0.102
TNS   : -246.606

Type  : Fast 1100mV 0C Model Setup 'CLOCK_50'
Slack : -5.376
TNS   : -10750.723

Type  : Fast 1100mV 0C Model Hold 'CLOCK_50'
Slack : 0.293
TNS   : 0.000

Type  : Fast 1100mV 0C Model Minimum Pulse Width 'CLOCK_50'
Slack : -0.099
TNS   : -245.240

------------------------------------------------------------
